// Jest Snapshot v1, https://goo.gl/fbAQLP

exports[`<Button /> should match snapshot 1`] = `
.c0 {
  font-size: 1.125rem;
  width: 192px;
  height: 48px;
  display: -webkit-box;
  display: -webkit-flex;
  display: -ms-flexbox;
  display: flex;
  -webkit-align-items: center;
  -webkit-box-align: center;
  -ms-flex-align: center;
  align-items: center;
  -webkit-box-pack: center;
  -webkit-justify-content: center;
  -ms-flex-pack: center;
  justify-content: center;
  background: #018762;
  box-shadow: 0px 4px 4px rgba(0,0,0,0.25);
  color: #FFFFFF;
  border-radius: 8px;
  border: none;
  -webkit-transition: all 0.2s ease 0s;
  transition: all 0.2s ease 0s;
  font-weight: 700;
  margin: 10px 0;
}

.c0:hover {
  opacity: 0.7;
}

<div>
  <a
    aria-current="page"
    background="1"
    class="c0 active"
    href="/"
  >
    Button
  </a>
</div>
`;
