// Jest Snapshot v1, https://goo.gl/fbAQLP

exports[`<GridContent /> should match snapshot 1`] = `
.c7 {
  font-size: 1.125rem;
  width: 192px;
  height: 48px;
  display: -webkit-box;
  display: -webkit-flex;
  display: -ms-flexbox;
  display: flex;
  -webkit-align-items: center;
  -webkit-box-align: center;
  -ms-flex-align: center;
  align-items: center;
  -webkit-box-pack: center;
  -webkit-justify-content: center;
  -ms-flex-pack: center;
  justify-content: center;
  background: #018762;
  box-shadow: 0px 4px 4px rgba(0,0,0,0.25);
  color: #FFFFFF;
  border-radius: 8px;
  border: none;
  -webkit-transition: all 0.2s ease 0s;
  transition: all 0.2s ease 0s;
  font-weight: 700;
  margin: 10px 0;
}

.c7:hover {
  opacity: 0.7;
}

.c8 {
  font-size: 1.125rem;
  width: 192px;
  height: 48px;
  display: -webkit-box;
  display: -webkit-flex;
  display: -ms-flexbox;
  display: flex;
  -webkit-align-items: center;
  -webkit-box-align: center;
  -ms-flex-align: center;
  align-items: center;
  -webkit-box-pack: center;
  -webkit-justify-content: center;
  -ms-flex-pack: center;
  justify-content: center;
  background: transparent;
  box-shadow: 0px 4px 4px rgba(0,0,0,0.25);
  color: #018762;
  border-radius: 8px;
  border: 2px solid #018762;
  -webkit-transition: all 0.2s ease 0s;
  transition: all 0.2s ease 0s;
  font-weight: 700;
  margin: 10px 0;
}

.c8:hover {
  opacity: 0.7;
}

.c4 {
  color: #1f1f1f;
  font-weight: bold;
  font-size: 3rem;
}

.c1 {
  max-width: 85.375rem;
  margin: 0 auto;
  padding: 0 4rem;
}

.c5 {
  color: #515151;
  font-size: 1.5rem;
  margin-top: 2rem;
}

.c0 {
  padding-top: 4rem;
}

.c2 {
  display: -webkit-box;
  display: -webkit-flex;
  display: -ms-flexbox;
  display: flex;
  -webkit-box-pack: justify;
  -webkit-justify-content: space-between;
  -ms-flex-pack: justify;
  justify-content: space-between;
  -webkit-flex-wrap: wrap;
  -ms-flex-wrap: wrap;
  flex-wrap: wrap;
}

.c3 {
  max-width: 453px;
}

.c9 {
  max-width: 540px;
}

.c10 {
  width: 100%;
}

.c6 {
  max-width: 453px;
  display: -webkit-box;
  display: -webkit-flex;
  display: -ms-flexbox;
  display: flex;
  -webkit-align-items: center;
  -webkit-box-align: center;
  -ms-flex-align: center;
  align-items: center;
  -webkit-box-pack: justify;
  -webkit-justify-content: space-between;
  -ms-flex-pack: justify;
  justify-content: space-between;
  margin-top: 48px;
  -webkit-flex-wrap: wrap;
  -ms-flex-wrap: wrap;
  flex-wrap: wrap;
}

@media (max-width:1039px) {
  .c4 {
    font-size: 2rem;
  }
}

@media (max-width:1039px) {
  .c5 {
    font-size: 1rem;
    margin-top: 1rem;
  }
}

@media (max-width:1088px) {
  .c2 {
    -webkit-flex-direction: column;
    -ms-flex-direction: column;
    flex-direction: column;
    -webkit-align-items: center;
    -webkit-box-align: center;
    -ms-flex-align: center;
    align-items: center;
  }
}

@media (max-width:1088px) {
  .c6 {
    -webkit-flex-direction: column;
    -ms-flex-direction: column;
    flex-direction: column;
    -webkit-align-items: center;
    -webkit-box-align: center;
    -ms-flex-align: center;
    align-items: center;
  }
}

<div>
  <div
    class="c0"
  >
    <div
      class="c1"
    >
      <div
        class="c2"
      >
        <div
          class="c3"
        >
          <h2
            class="c4"
          >
            title
          </h2>
          <p
            class="c5"
          >
            text
          </p>
          <div
            class="c6"
          >
            <a
              background="1"
              class="c7"
              href="/user-person"
            >
              Pessoa Usu√°ria
            </a>
            <a
              background="0"
              class="c8"
              href="/profissional"
            >
              Profissional
            </a>
          </div>
        </div>
        <div
          class="c9"
        >
          <img
            class="c10"
            src="image.img"
          />
        </div>
      </div>
    </div>
  </div>
</div>
`;
